Analyzing noor_rewards-main...
