04-02 20:58:12.835   368  1385 D CommonScenarios-158-10152: transportLayerQosChange TransportLayerData{link_index=27, uid=10152, uplink_srtt=0, uplink_packets=0, uplink_retrans_packets=0, uplink_retrans_rate=0, downlink_srtt=0, downlink_packets=0, downlink_retrans_packets=0, downlink_retrans_rate=0, downlink_rate=0, uplink_udp_packets=0, downlink_udp_packets=0, uplink_tcp_rate=0, uplink_udp_rate=0, downlink_tcp_rate=0, downlink_udp_rate=0}
04-02 20:58:12.838   368  1385 D CommonScenarios-158-10152: ActiveState process message 2
04-02 20:58:12.838   368  1385 D CommonScenarios-158-10152: ActiveState EVENT_NETWORK_KPI_CHANGE
04-02 20:58:12.838   368  1385 D CommonScenarios-158-10152: transport layer data is invalid
04-02 20:58:12.838   368  1385 D CommonScenarios-158-10152: ActiveState EVENT_NETWORK_KPI_CHANGE score is invalid
04-02 20:58:13.045 20657 19382 I OMX-VENC: venc_dev: stats: avg. fps 11.77, bitrate 235331
04-02 20:58:13.099 32276 20119 W adbd    : timed out while waiting for FUNCTIONFS_BIND, trying again
04-02 20:58:13.099 32276 20119 I adbd    : UsbFfs: connection terminated: monitor thread finished
04-02 20:58:13.115 32276 32286 I adbd    : opening control endpoint /dev/usb-ffs/adb/ep0
04-02 20:58:13.620 31684 32145 D WifiStaIfaceHidlImpl: getCachedScanData is not implemented by HIDL
04-02 20:58:13.859   368  1385 D CommonScenarios-158-10152: transportLayerQosChange TransportLayerData{link_index=27, uid=10152, uplink_srtt=0, uplink_packets=0, uplink_retrans_packets=0, uplink_retrans_rate=0, downlink_srtt=0, downlink_packets=0, downlink_retrans_packets=0, downlink_retrans_rate=0, downlink_rate=0, uplink_udp_packets=0, downlink_udp_packets=0, uplink_tcp_rate=0, uplink_udp_rate=0, downlink_tcp_rate=0, downlink_udp_rate=0}
04-02 20:58:13.859   368  1385 D CommonScenarios-158-10152: ActiveState process message 2
04-02 20:58:13.860   368  1385 D CommonScenarios-158-10152: ActiveState EVENT_NETWORK_KPI_CHANGE
04-02 20:58:13.860   368  1385 D CommonScenarios-158-10152: transport layer data is invalid
04-02 20:58:13.860   368  1385 D CommonScenarios-158-10152: ActiveState EVENT_NETWORK_KPI_CHANGE score is invalid
04-02 20:58:14.056 20657 19382 I OMX-VENC: venc_dev: stats: avg. fps 9.89, bitrate 192057
04-02 20:58:14.120 32276 20120 W adbd    : timed out while waiting for FUNCTIONFS_BIND, trying again
04-02 20:58:14.121 32276 20120 I adbd    : UsbFfs: connection terminated: monitor thread finished
04-02 20:58:14.138 32276 32286 I adbd    : opening control endpoint /dev/usb-ffs/adb/ep0
04-02 20:58:14.671 31684 31750 D OplusSmartBrightnessController: handleMessage MSG_LUX_CHANGED, mLux:24.0 luxQueue=[24.0, 24.0, 24.0, 24.0, 24.0, 24.0, 24.0, 24.0, 24.0, 24.0, 24.0, 24.0, 24.0, 24.0, 24.0]
04-02 20:58:14.883   368  1385 D CommonScenarios-158-10152: transportLayerQosChange TransportLayerData{link_index=27, uid=10152, uplink_srtt=0, uplink_packets=0, uplink_retrans_packets=0, uplink_retrans_rate=0, downlink_srtt=0, downlink_packets=0, downlink_retrans_packets=0, downlink_retrans_rate=0, downlink_rate=0, uplink_udp_packets=0, downlink_udp_packets=0, uplink_tcp_rate=0, uplink_udp_rate=0, downlink_tcp_rate=0, downlink_udp_rate=0}
04-02 20:58:14.883   368  1385 D CommonScenarios-158-10152: ActiveState process message 2
04-02 20:58:14.883   368  1385 D CommonScenarios-158-10152: ActiveState EVENT_NETWORK_KPI_CHANGE
04-02 20:58:14.883   368  1385 D CommonScenarios-158-10152: transport layer data is invalid
04-02 20:58:14.883   368  1385 D CommonScenarios-158-10152: ActiveState EVENT_NETWORK_KPI_CHANGE score is invalid
04-02 20:58:15.142 32276 20121 W adbd    : timed out while waiting for FUNCTIONFS_BIND, trying again
04-02 20:58:15.142 32276 20121 I adbd    : UsbFfs: connection terminated: monitor thread finished
04-02 20:58:15.154 32276 32286 I adbd    : opening control endpoint /dev/usb-ffs/adb/ep0
04-02 20:58:15.166 20657 19382 I OMX-VENC: venc_dev: stats: avg. fps 10.81, bitrate 212769
04-02 20:58:15.907   368  1385 D CommonScenarios-158-10152: transportLayerQosChange TransportLayerData{link_index=27, uid=10152, uplink_srtt=0, uplink_packets=0, uplink_retrans_packets=0, uplink_retrans_rate=0, downlink_srtt=0, downlink_packets=0, downlink_retrans_packets=0, downlink_retrans_rate=0, downlink_rate=0, uplink_udp_packets=0, downlink_udp_packets=0, uplink_tcp_rate=0, uplink_udp_rate=0, downlink_tcp_rate=0, downlink_udp_rate=0}
04-02 20:58:15.908   368  1385 D CommonScenarios-158-10152: ActiveState process message 2
04-02 20:58:15.908   368  1385 D CommonScenarios-158-10152: ActiveState EVENT_NETWORK_KPI_CHANGE
04-02 20:58:15.908   368  1385 D CommonScenarios-158-10152: transport layer data is invalid
04-02 20:58:15.908   368  1385 D CommonScenarios-158-10152: ActiveState EVENT_NETWORK_KPI_CHANGE score is invalid
04-02 20:58:16.160 32276 20122 W adbd    : timed out while waiting for FUNCTIONFS_BIND, trying again
04-02 20:58:16.160 32276 20122 I adbd    : UsbFfs: connection terminated: monitor thread finished
04-02 20:58:16.178 20657 19382 I OMX-VENC: venc_dev: stats: avg. fps 11.86, bitrate 223032
04-02 20:58:16.178 32276 32286 I adbd    : opening control endpoint /dev/usb-ffs/adb/ep0
04-02 20:58:16.647 31684 32145 D WifiStaIfaceHidlImpl: getCachedScanData is not implemented by HIDL
04-02 20:58:16.670  1514  5060 D SurfaceFlinger: captureDisplay from pid 1514 uid -1 display 4630946950956839809
04-02 20:58:16.873 31684 31750 D OplusSmartBrightnessController: handleMessage MSG_LUX_CHANGED, mLux:24.0 luxQueue=[24.0, 24.0, 24.0, 24.0, 24.0, 24.0, 24.0, 24.0, 24.0, 24.0, 24.0, 24.0, 24.0, 24.0, 24.0]
04-02 20:58:16.908 31684   386 I OplusHansManager : uid=10464, pkg=in.sweatco.app cannot transition from R to M, importance=fg-service
04-02 20:58:16.931   368  1385 D CommonScenarios-158-10152: transportLayerQosChange TransportLayerData{link_index=27, uid=10152, uplink_srtt=0, uplink_packets=0, uplink_retrans_packets=0, uplink_retrans_rate=0, downlink_srtt=0, downlink_packets=0, downlink_retrans_packets=0, downlink_retrans_rate=0, downlink_rate=0, uplink_udp_packets=0, downlink_udp_packets=0, uplink_tcp_rate=0, uplink_udp_rate=0, downlink_tcp_rate=0, downlink_udp_rate=0}
04-02 20:58:16.931   368  1385 D CommonScenarios-158-10152: ActiveState process message 2
04-02 20:58:16.931   368  1385 D CommonScenarios-158-10152: ActiveState EVENT_NETWORK_KPI_CHANGE
04-02 20:58:16.931   368  1385 D CommonScenarios-158-10152: transport layer data is invalid
04-02 20:58:16.931   368  1385 D CommonScenarios-158-10152: ActiveState EVENT_NETWORK_KPI_CHANGE score is invalid
04-02 20:58:17.060  1368  1459 D vendor.oplus.hardware.charger-V3-service: read content:,331,-2740,3861,3858,146,2000,1100,52,52,0,0,-1,0,52,1,0,1,1,0,0,4435,0,0,0,2,0,0,0,-2740,0,3,1,0,0,0,0,0,0x18,0x2c,0x16,0x73,0x2e,0x16,0x00,0x00,0x00
04-02 20:58:17.060  1368  1459 D vendor.oplus.hardware.charger-V3-service: , ret_value:151
04-02 20:58:17.060  1368  1459 D vendor.oplus.hardware.charger-V3-service: gmtime: 2026-04-02-20-58-17
04-02 20:58:17.184 32276 20123 W adbd    : timed out while waiting for FUNCTIONFS_BIND, trying again
04-02 20:58:17.184 32276 20123 I adbd    : UsbFfs: connection terminated: monitor thread finished
04-02 20:58:17.203 32276 32286 I adbd    : opening control endpoint /dev/usb-ffs/adb/ep0
04-02 20:58:17.278 20657 19382 I OMX-VENC: venc_dev: stats: avg. fps 10.91, bitrate 205673
04-02 20:58:17.426 31499  8995 D AudioSink: setIsReset, 1
04-02 20:58:17.427 31499  8995 D NuPlayerDriver: reset(0xebc67900) at state 6
04-02 20:58:17.429 31499 20103 D OplusNuPlayer: initializeOplusMedia [177]: 
04-02 20:58:17.429 31499 20103 D OplusNuPlayer: [initializeOplusMedia:L193]diable oplus avenhancements decoders...
04-02 20:58:17.430 31499 20106 D AudioTrack: pause(3763): prior state:STATE_STOPPED output 13 stream 3 session 10675489
04-02 20:58:17.431 31499 20106 D AudioTrack: flush(3763): prior state:STATE_STOPPED
04-02 20:58:17.431 31496 31660 E AudioFlinger: negative wakelock count
04-02 20:58:17.433 31499 20106 D AudioTrack: stop(3763): prior state:STATE_FLUSHED output 13 stream 3 session 10675489
04-02 20:58:17.433 31496 31660 D AudioFlinger: updateWakeLockUids_l AudioOut_D uids:
04-02 20:58:17.434 31499 20108 D MediaCodec: [0xeb3f8800] setState: 7
04-02 20:58:17.434 31499 20108 D OplusCCodec: signalFlush [1399]: (0xeb3fda80)
04-02 20:58:17.434 31499 20108 I OplusFeedbackInfo: [signalFlush:L1324]
04-02 20:58:17.435 31499 20108 D MediaCodec: [0xeb3f8800] setState: 8
04-02 20:58:17.436 31499 20103 I NuPlayer: audioFlush latency : 6.15 ms
04-02 20:58:17.436 31499 20107 D MediaCodec: [0xeb3f8800] [c2.android.aac.decoder] release
04-02 20:58:17.437 31499 20108 D MediaCodec: [0xeb3f8800] setState: 10
04-02 20:58:17.437 31499 20108 D OplusCCodec: initiateShutdown [1295]: (0xeb3fda80) keepComponentAllocated=0
04-02 20:58:17.437 31499 20108 D OplusVideoBoost: disableVideoBoost, handle: [0xea9de8a8], flags: 0x30
04-02 20:58:17.438 31499 20108 D OplusVideoBoostUtils: Set (sched: 0, pid: 31499, tid: 20107 isEnable: 0) successfully.
04-02 20:58:17.439 31499 20108 D OplusVideoBoostUtils: Set (sched: 0, pid: 31499, tid: 20108 isEnable: 0) successfully.
04-02 20:58:17.442 31499 20108 I hw-BpHwBinder: onLastStrongRef automatically unlinking death recipients
04-02 20:58:17.442 31503  1196 I hw-BpHwBinder: onLastStrongRef automatically unlinking death recipients
04-02 20:58:17.443 31499 20108 D MediaCodec: [0xeb3f8800] [c2.android.aac.decoder] kWhatReleaseCompleted
04-02 20:58:17.444 31499 20108 D MediaCodec: [0xeb3f8800] setState: 0
04-02 20:58:17.444 31503  1196 D BufferPoolAccessor2.0: Destruction - bufferpool2 0xb400007041adee28 cached: 0/0M, 0/0% in use; allocs: 0, 0% recycled; transfers: 0, 0% unfetched
04-02 20:58:17.444 31499 20107 D MediaCodec: [0xeb3f8800] ~MediaCodec
04-02 20:58:17.444 31499 20107 D MediaCodec: flushMediametrics
04-02 20:58:17.445 31499 20107 D OplusCCodec: ~OplusCCodec [303]: (0xeb3fda80)
04-02 20:58:17.447 31499 20107 D OplusFeedbackInfo: ~OplusAnalysisFPS
04-02 20:58:17.453 31499 20103 D NuPlayerDriver: notifyResetComplete(0xebc67900)
04-02 20:58:17.455 31499 10998 D AudioSink: setIsReset, 1
04-02 20:58:17.456 31499 10998 D NuPlayerDriver: reset(0xebc67900) at state 0
04-02 20:58:17.456 31499 10998 D NuPlayerDriver: ~NuPlayerDriver(0xebc67900)
04-02 20:58:17.456 31499 10998 D AtlasEventUploadUtils: setEvent event:atlas_event_video_mediaplayer_state
04-02 20:58:17.458 31499 10998 W AMessage: failed to post message as target looper for handler 0 is gone.
04-02 20:58:17.458  2578 27540 D OplusAtlas.OplusAtlasEventDispatch: setEvent:atlas_event_video_mediaplayer_state info:STATE,-1,31251
04-02 20:58:17.459  2578  3644 D OplusAtlasVideo: callback success event:atlas_event_video_mediaplayer_state eventInfo:STATE,-1,31251
04-02 20:58:17.459 31251 31451 V MediaPlayer: resetDrmState:  mDrmInfo=null mDrmProvisioningThread=null mPrepareDrmInProgress=false mActiveDrmScheme=false
04-02 20:58:17.459 31251 31451 V MediaPlayer: cleanDrmObj: mDrmObj=null mDrmSessionId=null
04-02 20:58:17.459 31251 31451 V MediaPlayer: resetDrmState:  mDrmInfo=null mDrmProvisioningThread=null mPrepareDrmInProgress=false mActiveDrmScheme=false
04-02 20:58:17.459 31251 31451 V MediaPlayer: cleanDrmObj: mDrmObj=null mDrmSessionId=null
04-02 20:58:17.459 31251 31451 D MediaPlayer: _release native called
04-02 20:58:17.460 31499  8995 D AudioTrack: stop(3763): prior state:STATE_FLUSHED output 13 stream 3 session 10675489
04-02 20:58:17.460 31499  8995 I AudioTrack: stopAndJoinCallbacks(3763) done
04-02 20:58:17.460 31499  8995 D AudioTrack: ~AudioTrack(3763), releasing mStatus =0 session id 10675489 from 31499 on behalf of 31251
04-02 20:58:17.460 31499  8995 D AudioTrack: stop(3763): prior state:STATE_FLUSHED output 13 stream 3 session 10675489
04-02 20:58:17.461 31499  8995 I AudioTrack: stopAndJoinCallbacks(3763) done
04-02 20:58:17.462 31499  8995 D ListServiceUtils: checkInListByUid module:audio-boost-blacklist uid:10152 cost 356us return 0
04-02 20:58:17.462 31499  8995 D AudioTrackExtImpl: doSchedBoost, set mediaserver task boost, pid=31499, tid=20106, enable=0, ret=0
04-02 20:58:17.463   812  4795 I android.system.suspend-service: mSuspendCounter++ = 4
04-02 20:58:17.464 31251 31451 D MediaPlayer: _release native finished
04-02 20:58:17.465 31496 31530 E AudioPolicyIntefaceImpl: checkSessionHasActiveClient mSessionLatestHandleList has no port for session = 10675489
04-02 20:58:17.465 31496 31530 D AudioPolicyEffects: releaseOutputSessionEffects: no output processing was attached to this stream
04-02 20:58:17.466   812  4795 I android.system.suspend-service: --mSuspendCounter = 3
04-02 20:58:17.469 31684  1238 I IPCThreadState: oneway function results for code 10007 on binder at 0xb400007aca641bc0 will be dropped but finished with status UNKNOWN_TRANSACTION
04-02 20:58:17.469 31496 16920 D audioserver: FGS Logger Transaction failed
04-02 20:58:17.469 31496 16920 D audioserver: -129
04-02 20:58:17.955   368  1385 D CommonScenarios-158-10152: transportLayerQosChange TransportLayerData{link_index=27, uid=10152, uplink_srtt=0, uplink_packets=0, uplink_retrans_packets=0, uplink_retrans_rate=0, downlink_srtt=0, downlink_packets=0, downlink_retrans_packets=0, downlink_retrans_rate=0, downlink_rate=0, uplink_udp_packets=0, downlink_udp_packets=0, uplink_tcp_rate=0, uplink_udp_rate=0, downlink_tcp_rate=0, downlink_udp_rate=0}
04-02 20:58:17.956   368  1385 D CommonScenarios-158-10152: ActiveState process message 2
04-02 20:58:17.956   368  1385 D CommonScenarios-158-10152: ActiveState EVENT_NETWORK_KPI_CHANGE
04-02 20:58:17.956   368  1385 D CommonScenarios-158-10152: transport layer data is invalid
04-02 20:58:17.956   368  1385 D CommonScenarios-158-10152: ActiveState EVENT_NETWORK_KPI_CHANGE score is invalid
04-02 20:58:18.208 32276 20124 W adbd    : timed out while waiting for FUNCTIONFS_BIND, trying again
04-02 20:58:18.209 32276 20124 I adbd    : UsbFfs: connection terminated: monitor thread finished
04-02 20:58:18.222 32276 32286 I adbd    : opening control endpoint /dev/usb-ffs/adb/ep0
04-02 20:58:18.356 20657 19382 I OMX-VENC: venc_dev: stats: avg. fps 11.14, bitrate 207455
04-02 20:58:18.980   368  1385 D CommonScenarios-158-10152: transportLayerQosChange TransportLayerData{link_index=27, uid=10152, uplink_srtt=38, uplink_packets=3, uplink_retrans_packets=0, uplink_retrans_rate=0, downlink_srtt=0, downlink_packets=3, downlink_retrans_packets=0, downlink_retrans_rate=0, downlink_rate=0, uplink_udp_packets=0, downlink_udp_packets=0, uplink_tcp_rate=287, uplink_udp_rate=0, downlink_tcp_rate=346, downlink_udp_rate=0}
04-02 20:58:18.980   368  1385 D CommonScenarios-158-10152: ActiveState process message 2
04-02 20:58:18.980   368  1385 D CommonScenarios-158-10152: ActiveState EVENT_NETWORK_KPI_CHANGE
04-02 20:58:18.980   368  1385 D CommonScenarios-158-10152: scenarios low package
04-02 20:58:18.980   368  1385 D CommonScenarios-158-10152: ActiveState EVENT_NETWORK_KPI_CHANGE score is invalid
04-02 20:58:19.038 31684 31750 D OplusSmartBrightnessController: handleMessage MSG_LUX_CHANGED, mLux:24.0 luxQueue=[24.0, 24.0, 24.0, 24.0, 24.0, 24.0, 24.0, 24.0, 24.0, 24.0, 24.0, 24.0, 24.0, 24.0, 24.0]
04-02 20:58:19.227 32276 20126 W adbd    : timed out while waiting for FUNCTIONFS_BIND, trying again
04-02 20:58:19.228 32276 20126 I adbd    : UsbFfs: connection terminated: monitor thread finished
04-02 20:58:19.246 32276 32286 I adbd    : opening control endpoint /dev/usb-ffs/adb/ep0
04-02 20:58:19.259 31684 32715 W BatteryExternalStatsWorker: error reading Bluetooth stats: 11
04-02 20:58:19.261 31684 32145 D WifiStaIfaceHidlImpl: getCachedScanData is not implemented by HIDL
04-02 20:58:19.270 31500 31500 E TetherController: property_get sys.radio.data.modem_share_flag return 0, 1!
04-02 20:58:19.381 20657 19382 I OMX-VENC: venc_dev: stats: avg. fps 10.73, bitrate 218234
04-02 20:58:19.637 31684 32715 W Settings: Setting notification_bubbles has moved from android.provider.Settings.Global to android.provider.Settings.Secure, returning read-only value.
04-02 20:58:19.637 31684 32715 W Settings: Setting apply_ramping_ringer has moved from android.provider.Settings.Global to android.provider.Settings.System, returning read-only value.
04-02 20:58:19.648 31684 32715 W SettingsStatsUtil: Can not parse value to float: gps,network
04-02 20:58:19.663 31684 32715 W SettingsStatsUtil: Can not parse value to float: +network
04-02 20:58:19.667 31684 32145 D WifiStaIfaceHidlImpl: getCachedScanData is not implemented by HIDL
04-02 20:58:19.680 31684 32715 W ProcessStats: Tracking association SourceState{cdd9d2a system/1000 BFgs #1098425} whose proc state 4 is better than process ProcessState{8bae71b com.google.android.inputmethod.latin/10159 pkg=com.google.android.inputmethod.latin} proc state 6 (172 skipped)
04-02 20:58:20.004   368  1385 D CommonScenarios-158-10152: transportLayerQosChange TransportLayerData{link_index=27, uid=10152, uplink_srtt=0, uplink_packets=0, uplink_retrans_packets=0, uplink_retrans_rate=0, downlink_srtt=0, downlink_packets=0, downlink_retrans_packets=0, downlink_retrans_rate=0, downlink_rate=0, uplink_udp_packets=0, downlink_udp_packets=0, uplink_tcp_rate=0, uplink_udp_rate=0, downlink_tcp_rate=0, downlink_udp_rate=0}
04-02 20:58:20.004   368  1385 D CommonScenarios-158-10152: ActiveState process message 2
04-02 20:58:20.004   368  1385 D CommonScenarios-158-10152: ActiveState EVENT_NETWORK_KPI_CHANGE
04-02 20:58:20.004   368  1385 D CommonScenarios-158-10152: transport layer data is invalid
04-02 20:58:20.004   368  1385 D CommonScenarios-158-10152: ActiveState EVENT_NETWORK_KPI_CHANGE score is invalid
04-02 20:58:20.253 32276 20127 W adbd    : timed out while waiting for FUNCTIONFS_BIND, trying again
04-02 20:58:20.253 32276 20127 I adbd    : UsbFfs: connection terminated: monitor thread finished
04-02 20:58:20.270 32276 32286 I adbd    : opening control endpoint /dev/usb-ffs/adb/ep0
04-02 20:58:20.432 31251 31251 W TextView: onProvideContentCaptureStructure(): calling assumeLayout()
04-02 20:58:20.450 20657 19382 I OMX-VENC: venc_dev: stats: avg. fps 11.22, bitrate 225199
04-02 20:58:20.456 31684 31721 W NotificationHistory: Attempted to remove conversation for locked/gone/disabled user 0
04-02 20:58:20.460 31684  1238 E ShortcutService: Invalid icon type in shortcut 66627928334487@lid. Bitmaps are not allowed in long-lived shortcuts. Use Resource icons, or Uri-based icons instead.
04-02 20:58:20.558  3025  3617 I AiAiPeople: [0] fragments remain to process, dispatched event [32]
04-02 20:58:20.710  4467  6553 D ShellSubscriberWorkerThread: the first 8 bytes empty, and RestData length > 8 
04-02 20:58:21.027   368  1385 D CommonScenarios-158-10152: transportLayerQosChange TransportLayerData{link_index=27, uid=10152, uplink_srtt=38, uplink_packets=6, uplink_retrans_packets=0, uplink_retrans_rate=0, downlink_srtt=0, downlink_packets=4, downlink_retrans_packets=0, downlink_retrans_rate=0, downlink_rate=0, uplink_udp_packets=0, downlink_udp_packets=0, uplink_tcp_rate=802, uplink_udp_rate=0, downlink_tcp_rate=526, downlink_udp_rate=0}
04-02 20:58:21.027   368  1385 D CommonScenarios-158-10152: ActiveState process message 2
04-02 20:58:21.027   368  1385 D CommonScenarios-158-10152: ActiveState EVENT_NETWORK_KPI_CHANGE
04-02 20:58:21.027   368  1385 D CommonScenarios-158-10152: scenarios 5 mdnsScore=0
04-02 20:58:21.027   368  1385 D CommonScenarios-158-10152: totalScore:100
04-02 20:58:21.027   368  1385 D CommonScenarios-158-10152: ActiveState EVENT_NETWORK_KPI_CHANGE score 100 scenariosscenarios 5
04-02 20:58:21.027   368  1385 D CommonScenarios-158-10152: notifyScoreChange 100
04-02 20:58:21.027   368  1385 D CommonScenarios-158-10152: needNotify lastScore=100 score=100
04-02 20:58:21.027   368  1385 D CommonScenarios-158-10152: score diff < 5
04-02 20:58:21.027   368  1385 D CommonScenarios-158-10152: not need notify score change, return
04-02 20:58:21.199 31684 31750 D OplusSmartBrightnessController: handleMessage MSG_LUX_CHANGED, mLux:24.0 luxQueue=[24.0, 24.0, 24.0, 24.0, 24.0, 24.0, 24.0, 24.0, 24.0, 24.0, 24.0, 24.0, 24.0, 24.0, 24.0]
04-02 20:58:21.276 32276 20129 W adbd    : timed out while waiting for FUNCTIONFS_BIND, trying again
04-02 20:58:21.276 32276 20129 I adbd    : UsbFfs: connection terminated: monitor thread finished
04-02 20:58:21.294 31684 32049 D SensorService: 0xb400007a9c5e6b80 addFd fd=974
04-02 20:58:21.296 32276 32286 I adbd    : opening control endpoint /dev/usb-ffs/adb/ep0
04-02 20:58:21.493 20657 19382 I OMX-VENC: venc_dev: stats: avg. fps 16.30, bitrate 322602
04-02 20:58:21.670  1514  5060 D SurfaceFlinger: captureDisplay from pid 1514 uid -1 display 4630946950956839809
04-02 20:58:22.050   368  1385 D CommonScenarios-158-10152: transportLayerQosChange TransportLayerData{link_index=27, uid=10152, uplink_srtt=0, uplink_packets=0, uplink_retrans_packets=0, uplink_retrans_rate=0, downlink_srtt=0, downlink_packets=0, downlink_retrans_packets=0, downlink_retrans_rate=0, downlink_rate=0, uplink_udp_packets=0, downlink_udp_packets=0, uplink_tcp_rate=0, uplink_udp_rate=0, downlink_tcp_rate=0, downlink_udp_rate=0}
04-02 20:58:22.050   368  1385 D CommonScenarios-158-10152: ActiveState process message 2
04-02 20:58:22.050   368  1385 D CommonScenarios-158-10152: ActiveState EVENT_NETWORK_KPI_CHANGE
04-02 20:58:22.050   368  1385 D CommonScenarios-158-10152: transport layer data is invalid
04-02 20:58:22.050   368  1385 D CommonScenarios-158-10152: ActiveState EVENT_NETWORK_KPI_CHANGE score is invalid
04-02 20:58:22.058 19047 19047 D BoundBrokerSvc: onUnbind: Intent { act=com.google.firebase.dynamiclinks.service.START pkg=com.google.android.gms mCallingUid=10159 }
04-02 20:58:22.061  1368  1459 D vendor.oplus.hardware.charger-V3-service: read content:,331,-2740,3861,3858,146,2000,1100,52,52,0,0,-1,0,52,1,0,1,1,0,0,4435,0,0,0,2,0,0,0,-2740,0,3,1,0,0,0,0,0,0x18,0x2c,0x16,0x73,0x2e,0x16,0x00,0x00,0x00
04-02 20:58:22.061  1368  1459 D vendor.oplus.hardware.charger-V3-service: , ret_value:151
04-02 20:58:22.061  1368  1459 D vendor.oplus.hardware.charger-V3-service: gmtime: 2026-04-02-20-58-22
04-02 20:58:22.301 32276 20133 W adbd    : timed out while waiting for FUNCTIONFS_BIND, trying again
04-02 20:58:22.301 32276 20133 I adbd    : UsbFfs: connection terminated: monitor thread finished
04-02 20:58:22.318 32276 32286 I adbd    : opening control endpoint /dev/usb-ffs/adb/ep0
04-02 20:58:22.445 31499 10452 D BufferPoolAccessor2.0: bufferpool2 0xe8f5a498 : 0(0 size) total buffers - 0(0 size) used buffers - 2/7 (recycle/alloc) - 5/6 (fetch/transfer)
04-02 20:58:22.445 31499 10452 D BufferPoolAccessor2.0: evictor expired: 1, evicted: 1
04-02 20:58:22.447 31503 32590 D BufferPoolAccessor2.0: evictor expired: 1, evicted: 0
04-02 20:58:22.472 21226 21344 E msgr.msys: E[N mns:DGWClient]_OnDiskCacheGetData(1079)=>Start post callback cache refresh DNS resolution
04-02 20:58:22.503 20657 19382 I OMX-VENC: venc_dev: stats: avg. fps 10.88, bitrate 204201
04-02 20:58:22.513 21226 21344 E msgr.msys: E[N mns:DGWClient]_LogError(263)=>Failed to resolve using system DNS resolver, getaddrinfo(): No address associated with hostname
04-02 20:58:22.514 21226 21344 E msgr.msys: E[N mns:DGWClient]_OnDiskCacheGetData(1079)=>Start post callback cache refresh DNS resolution
04-02 20:58:22.519 21226 21344 E msgr.msys: E[N mns:DGWClient]_LogError(263)=>Failed to resolve using system DNS resolver, getaddrinfo(): No address associated with hostname
04-02 20:58:22.707 31684 32145 D WifiStaIfaceHidlImpl: getCachedScanData is not implemented by HIDL
04-02 20:58:23.075   368  1385 D CommonScenarios-158-10152: transportLayerQosChange TransportLayerData{link_index=27, uid=10152, uplink_srtt=0, uplink_packets=0, uplink_retrans_packets=0, uplink_retrans_rate=0, downlink_srtt=0, downlink_packets=0, downlink_retrans_packets=0, downlink_retrans_rate=0, downlink_rate=0, uplink_udp_packets=0, downlink_udp_packets=0, uplink_tcp_rate=0, uplink_udp_rate=0, downlink_tcp_rate=0, downlink_udp_rate=0}
04-02 20:58:23.075   368  1385 D CommonScenarios-158-10152: ActiveState process message 2
04-02 20:58:23.075   368  1385 D CommonScenarios-158-10152: ActiveState EVENT_NETWORK_KPI_CHANGE
04-02 20:58:23.075   368  1385 D CommonScenarios-158-10152: transport layer data is invalid
04-02 20:58:23.076   368  1385 D CommonScenarios-158-10152: ActiveState EVENT_NETWORK_KPI_CHANGE score is invalid
04-02 20:58:23.326 32276 20134 W adbd    : timed out while waiting for FUNCTIONFS_BIND, trying again
04-02 20:58:23.326 32276 20134 I adbd    : UsbFfs: connection terminated: monitor thread finished
04-02 20:58:23.345 32276 32286 I adbd    : opening control endpoint /dev/usb-ffs/adb/ep0
04-02 20:58:23.448 31503 32590 D BufferPoolAccessor2.0: bufferpool2 0xb400007041a0e828 : 0(0 size) total buffers - 0(0 size) used buffers - 1/4 (recycle/alloc) - 3/4 (fetch/transfer)
04-02 20:58:23.448 31503 32590 D BufferPoolAccessor2.0: evictor expired: 1, evicted: 1
04-02 20:58:23.505 20657 19382 I OMX-VENC: venc_dev: stats: avg. fps 9.99, bitrate 192413
04-02 20:58:23.629 31684   386 I OplusHansManager : uid=10492, pkg=com.example.noor_rewards cannot transition from R to M, importance=visibleActivity
04-02 20:58:23.958 31684 31748 I OplusSmartBrightnessController: deltaLux = 1.0, scale = 1.0
04-02 20:58:23.959 31684 31750 D OplusSmartBrightnessController: handleMessage MSG_LUX_CHANGED, mLux:23.0 luxQueue=[23.0, 23.0, 23.0, 23.0, 23.0, 23.0, 23.0, 23.0, 23.0, 23.0, 23.0, 23.0, 23.0, 23.0, 23.0, 23.0, 23.0]
04-02 20:58:24.099   368  1385 D CommonScenarios-158-10152: transportLayerQosChange TransportLayerData{link_index=27, uid=10152, uplink_srtt=0, uplink_packets=0, uplink_retrans_packets=0, uplink_retrans_rate=0, downlink_srtt=0, downlink_packets=0, downlink_retrans_packets=0, downlink_retrans_rate=0, downlink_rate=0, uplink_udp_packets=0, downlink_udp_packets=0, uplink_tcp_rate=0, uplink_udp_rate=0, downlink_tcp_rate=0, downlink_udp_rate=0}
04-02 20:58:24.099   368  1385 D CommonScenarios-158-10152: ActiveState process message 2
04-02 20:58:24.099   368  1385 D CommonScenarios-158-10152: ActiveState EVENT_NETWORK_KPI_CHANGE
04-02 20:58:24.099   368  1385 D CommonScenarios-158-10152: transport layer data is invalid
04-02 20:58:24.099   368  1385 D CommonScenarios-158-10152: ActiveState EVENT_NETWORK_KPI_CHANGE score is invalid
04-02 20:58:24.350 32276 20137 W adbd    : timed out while waiting for FUNCTIONFS_BIND, trying again
04-02 20:58:24.350 32276 20137 I adbd    : UsbFfs: connection terminated: monitor thread finished
04-02 20:58:24.372 32276 32286 I adbd    : opening control endpoint /dev/usb-ffs/adb/ep0
04-02 20:58:24.591 20657 19382 I OMX-VENC: venc_dev: stats: avg. fps 11.05, bitrate 211862
04-02 20:58:25.123   368  1385 D CommonScenarios-158-10152: transportLayerQosChange TransportLayerData{link_index=27, uid=10152, uplink_srtt=0, uplink_packets=0, uplink_retrans_packets=0, uplink_retrans_rate=0, downlink_srtt=0, downlink_packets=0, downlink_retrans_packets=0, downlink_retrans_rate=0, downlink_rate=0, uplink_udp_packets=0, downlink_udp_packets=0, uplink_tcp_rate=0, uplink_udp_rate=0, downlink_tcp_rate=0, downlink_udp_rate=0}
04-02 20:58:25.123   368  1385 D CommonScenarios-158-10152: ActiveState process message 2
04-02 20:58:25.123   368  1385 D CommonScenarios-158-10152: ActiveState EVENT_NETWORK_KPI_CHANGE
04-02 20:58:25.123   368  1385 D CommonScenarios-158-10152: transport layer data is invalid
04-02 20:58:25.124   368  1385 D CommonScenarios-158-10152: ActiveState EVENT_NETWORK_KPI_CHANGE score is invalid
04-02 20:58:25.377 32276 20138 W adbd    : timed out while waiting for FUNCTIONFS_BIND, trying again
04-02 20:58:25.378 32276 20138 I adbd    : UsbFfs: connection terminated: monitor thread finished
04-02 20:58:25.394 32276 32286 I adbd    : opening control endpoint /dev/usb-ffs/adb/ep0
04-02 20:58:25.608 20657 19382 I OMX-VENC: venc_dev: stats: avg. fps 11.80, bitrate 225686
04-02 20:58:25.730 31684 32145 D WifiStaIfaceHidlImpl: getCachedScanData is not implemented by HIDL
04-02 20:58:25.903 31684 32102 I OplusHansManager : unfreeze uid: 10246 com.dawateislami.namaz pids: [31336] reason: Alarm scene: LcdOn
04-02 20:58:25.905 31684   386 I OplusHansManager : uid=10246, pkg=com.dawateislami.namaz F exit(), F stay=54, reason=Alarm
04-02 20:58:25.906 31684 32102 V AlarmManager: sending alarm Alarm{b2ae5f4 type 0 origWhen 1775145480397 whenElapsed 2599641696 com.dawateislami.namaz} uid 10246 whenElapsed 2599641696 windowLength 25499 maxWhenElapsed 2599667195 repeatInterval 0 action com.dawateislami.namaz.widget.PrayerAppWidget.NAMAZ_WIDGET_UPDATE component ComponentInfo{com.dawateislami.namaz/com.dawateislami.namaz.receivers.PrayerWidgetReceiver} flags 0x8 procName com.dawateislami.namaz
04-02 20:58:25.931  2574  2585 E IHansComunication: HANS printMessageBody: RCV message: type = 0,port = 86870,caller_pid = 31684,caller_uid = 1000,target_pid = 3968,target_uid = 10452,pkg_cmd = -1,rpc = android.app.IApplicationThread/42
04-02 20:58:25.950 31684 32048 D SensorService: wrote all events from cache size=94 
04-02 20:58:25.950 31684 32048 D SensorService: removeFd fd=974
04-02 20:58:25.965 31684   388 I OplusHansManager : unfreeze uid: 10452 com.lemon.lvoverseas pids: [3968, 2533, 3502] reason: AsyncBinder scene: LcdOn
04-02 20:58:25.967 31684   386 I OplusHansManager : uid=10452, pkg=com.lemon.lvoverseas F exit(), F stay=18, reason=AsyncBinder
04-02 20:58:26.002  2574  2585 E IHansComunication: HANS printMessageBody: RCV message: type = 0,port = 86870,caller_pid = 31497,caller_uid = 1047,target_pid = 27533,target_uid = 10244,pkg_cmd = -1,rpc = android.hardware.ICameraServiceListener/5
04-02 20:58:26.003  2574  2585 E IHansComunication: HANS printMessageBody: RCV message: type = 0,port = 86870,caller_pid = 31497,caller_uid = 1047,target_pid = 31683,target_uid = 10289,pkg_cmd = -1,rpc = android.hardware.ICameraServiceListener/5
04-02 20:58:26.003  2574  2585 E IHansComunication: HANS printMessageBody: RCV message: type = 0,port = 86870,caller_pid = 31497,caller_uid = 1047,target_pid = 14904,target_uid = 10365,pkg_cmd = -1,rpc = android.hardware.ICameraServiceListener/5
04-02 20:58:26.009 31684   388 I OplusHansManager : unfreeze uid: 10244 com.daraz.android pids: [27533, 28083] reason: AsyncBinder scene: LcdOn
04-02 20:58:26.009 27533 28626 E u4native: [InfoLevelMessage] [INFO:not_a_file.cc(0)] RenderIOThread heartbeat, pid/tid: 27533/28626, interval/index: 30s/4336
04-02 20:58:26.010 27533 28626 E u4native: [InfoLevelMessage] [INFO:not_a_file.cc(0)] BrowserIOThread heartbeat, pid/tid: 27533/28626, interval/index: 30s/4337, ucCoreSoImplVersion: 5.18.6.0_250506205509
04-02 20:58:26.014 27533 28633 E u4native: [InfoLevelMessage] [INFO:not_a_file.cc(0)] NetworkServiceThread heartbeat, pid/tid: 27533/28633, interval/index: 30s/4337
04-02 20:58:26.014  2574  2585 E IHansComunication: HANS printMessageBody: RCV message: type = 0,port = 86870,caller_pid = 31497,caller_uid = 1047,target_pid = 31683,target_uid = 10289,pkg_cmd = -1,rpc = android.hardware.ICameraServiceListener/5
04-02 20:58:26.014  2574  2585 E IHansComunication: HANS printMessageBody: RCV message: type = 0,port = 86870,caller_pid = 31497,caller_uid = 1047,target_pid = 14904,target_uid = 10365,pkg_cmd = -1,rpc = android.hardware.ICameraServiceListener/5
04-02 20:58:26.019 31684   386 I OplusHansManager : uid=10244, pkg=com.daraz.android F exit(), F stay=18, reason=AsyncBinder
04-02 20:58:26.023 31684   388 I OplusHansManager : unfreeze uid: 10289 com.brave.browser pids: [31841, 31902, 31683, 31925] reason: AsyncBinder scene: LcdOn
04-02 20:58:26.025 31684   386 I OplusHansManager : uid=10289, pkg=com.brave.browser F exit(), F stay=18, reason=AsyncBinder
04-02 20:58:26.026 31684   388 I OplusHansManager : unfreeze uid: 10365 com.zong.customercare pids: [14904, 15034] reason: AsyncBinder scene: LcdOn
04-02 20:58:26.026 31684   386 I OplusHansManager : uid=10365, pkg=com.zong.customercare F exit(), F stay=18, reason=AsyncBinder
04-02 20:58:26.038 32383   657 I SystemUi--Statusbar: PrivacyDotViewController-->scheduleUpdate: 
04-02 20:58:26.056 27533 28877 E u4native: [InfoLevelMessage] [INFO:not_a_file.cc(0)] RenderMainThread heartbeat, pid/tid: 27533/28877, interval/index: 30s/4335, ucCoreSoImplVersion: 5.18.6.0_250506205509
04-02 20:58:26.068 31684 31750 D OplusSmartBrightnessController: handleMessage MSG_LUX_CHANGED, mLux:23.0 luxQueue=[23.0, 23.0, 23.0, 23.0, 23.0, 23.0, 23.0, 23.0, 23.0, 23.0, 23.0, 23.0, 23.0, 23.0, 23.0, 23.0]
04-02 20:58:26.099 31336 31336 E NAMAZ_WIDGET_UPDATE: onAlarm 2026-04-02 20:59:00
04-02 20:58:26.108 31336 31336 E NAMAZ_WIDGET_UPDATE: onAlarm 2026-04-02 20:59:00
04-02 20:58:26.108 31336 31336 E NAMAZ_WIDGET_UPDATE: onReceive
04-02 20:58:26.112 31336 31336 E NAMAZ_WIDGET_UPDATE: onAlarm 2026-04-02 20:59:00
04-02 20:58:26.112 31336 31336 E NAMAZ_WIDGET_UPDATE: onReceive
04-02 20:58:26.140 32383   657 I SystemUi--Statusbar: PrivacyDotViewController-->processNextViewState: 
04-02 20:58:26.140 32383   657 I SystemUi--Statusbar: PrivacyDotViewController-->resolveState ViewState(viewInitialized=true, systemPrivacyEventIsActive=false, shadeExpanded=false, qsExpanded=false, portraitRect=Rect(165, 0 - 1080, 103), landscapeRect=Rect(103, 0 - 2400, 103), upsideDownRect=Rect(0, 0 - 1080, 103), seascapeRect=Rect(0, 0 - 2285, 103), layoutRtl=false, rotation=0, paddingTop=34, paddingBottom=0, cornerIndex=1, designatedCorner=android.widget.FrameLayout{3cf523d I.E...... .......D 1018,0-1080,103 #7f0a085f app:id/privacy_dot_top_right_container viewInfo = }, contentDescription=Applications are using your camera., dotMargin=76)
04-02 20:58:26.148   368  1385 D CommonScenarios-158-10152: transportLayerQosChange TransportLayerData{link_index=27, uid=10152, uplink_srtt=0, uplink_packets=0, uplink_retrans_packets=0, uplink_retrans_rate=0, downlink_srtt=0, downlink_packets=0, downlink_retrans_packets=0, downlink_retrans_rate=0, downlink_rate=0, uplink_udp_packets=0, downlink_udp_packets=0, uplink_tcp_rate=0, uplink_udp_rate=0, downlink_tcp_rate=0, downlink_udp_rate=0}
04-02 20:58:26.148   368  1385 D CommonScenarios-158-10152: ActiveState process message 2
04-02 20:58:26.148   368  1385 D CommonScenarios-158-10152: ActiveState EVENT_NETWORK_KPI_CHANGE
04-02 20:58:26.148   368  1385 D CommonScenarios-158-10152: transport layer data is invalid
04-02 20:58:26.148   368  1385 D CommonScenarios-158-10152: ActiveState EVENT_NETWORK_KPI_CHANGE score is invalid
04-02 20:58:26.297 31684  3113 D UsageStatsService: User[0] type=0 b=1775145250380 e=1775145506295 cb=1775114768405 ce=1775145506002 disk=0 all=15
04-02 20:58:26.400 32276 20139 W adbd    : timed out while waiting for FUNCTIONFS_BIND, trying again
04-02 20:58:26.400 32276 20139 I adbd    : UsbFfs: connection terminated: monitor thread finished
04-02 20:58:26.403  2574  2585 E IHansComunication: HANS printMessageBody: RCV message: type = 4,port = 86870,caller_pid = -1,caller_uid = -1,target_pid = -1,target_uid = 10241,pkg_cmd = -1,rpc = PKG/-1
04-02 20:58:26.408 31684   388 I OplusHansManager : unfreeze uid: 10241 com.intsig.camscanner pids: [32014] reason: Packet scene: LcdOn
04-02 20:58:26.409 31684   386 I OplusHansManager : uid=10241, pkg=com.intsig.camscanner F exit(), F stay=18, reason=Packet
04-02 20:58:26.426 32276 32286 I adbd    : opening control endpoint /dev/usb-ffs/adb/ep0
04-02 20:58:26.575 19047 19067 W OplusExSystemServiceHelper: checkOplusExSystemService intent getComponent is null
04-02 20:58:26.576  9367  9472 I BtGatt.ScanManager: msg.what = 6
04-02 20:58:26.577  9367  9367 I OplusCustomScanStrategy: msg.what = 6
04-02 20:58:26.579 19047 19047 D BoundBrokerSvc: onBind: Intent { act=com.google.android.gms.measurement.START pkg=com.google.android.gms mCallingUid=10464 }
04-02 20:58:26.579 19047 19047 D BoundBrokerSvc: Loading bound service for intent: Intent { act=com.google.android.gms.measurement.START pkg=com.google.android.gms mCallingUid=10464 }
04-02 20:58:26.600 19047 20150 D AdvertisingIdClient: AdvertisingIdClient already created.
04-02 20:58:26.600 19047 20150 D AdvertisingIdClient: AdvertisingIdClient is not bounded. Starting to bind it...
04-02 20:58:26.607 19047 19067 W OplusExSystemServiceHelper: checkOplusExSystemService intent getComponent is null
04-02 20:58:26.615 19047 20150 D AdvertisingIdClient: AdvertisingIdClient is bounded
04-02 20:58:26.621 19047 20150 I AdvertisingIdClient: shouldSendLog 2598688774
04-02 20:58:26.621 19047 20150 I AdvertisingIdClient: GetInfoInternal elapse 20ms
04-02 20:58:26.641 20827 20827 D BoundBrokerSvc: onRebind: Intent { act=com.google.android.gms.presencemanager.service.START dat=chimera-action:/... cmp=com.google.android.gms/.chimera.PersistentApiService mCallingUid=10143 }
04-02 20:58:26.650 20827 20827 D BoundBrokerSvc: onRebind: Intent { act=com.google.android.gms.presencemanager.service.INTERNAL_IDENTITY dat=chimera-action:/... cmp=com.google.android.gms/.chimera.PersistentApiService mCallingUid=10143 }
04-02 20:58:26.685 20657 19382 I OMX-VENC: venc_dev: stats: avg. fps 9.28, bitrate 193997
04-02 20:58:26.870  1514  5060 D SurfaceFlinger: captureDisplay from pid 1514 uid -1 display 4630946950956839809
04-02 20:58:27.063  1368  1459 D vendor.oplus.hardware.charger-V3-service: read content:,331,-2740,3862,3860,147,2000,1100,52,52,0,0,-1,0,52,1,0,1,1,0,0,4435,0,0,0,2,0,0,0,-2740,0,3,1,0,0,0,0,0,0x18,0x2c,0x16,0x73,0x2e,0x16,0x00,0x00,0x00
04-02 20:58:27.063  1368  1459 D vendor.oplus.hardware.charger-V3-service: , ret_value:151
04-02 20:58:27.064  1368  1459 D vendor.oplus.hardware.charger-V3-service: gmtime: 2026-04-02-20-58-27
04-02 20:58:27.171   368  1385 D CommonScenarios-158-10152: transportLayerQosChange TransportLayerData{link_index=27, uid=10152, uplink_srtt=0, uplink_packets=0, uplink_retrans_packets=0, uplink_retrans_rate=0, downlink_srtt=0, downlink_packets=0, downlink_retrans_packets=0, downlink_retrans_rate=0, downlink_rate=0, uplink_udp_packets=0, downlink_udp_packets=0, uplink_tcp_rate=0, uplink_udp_rate=0, downlink_tcp_rate=0, downlink_udp_rate=0}
04-02 20:58:27.171   368  1385 D CommonScenarios-158-10152: ActiveState process message 2
04-02 20:58:27.171   368  1385 D CommonScenarios-158-10152: ActiveState EVENT_NETWORK_KPI_CHANGE
04-02 20:58:27.171   368  1385 D CommonScenarios-158-10152: transport layer data is invalid
04-02 20:58:27.171   368  1385 D CommonScenarios-158-10152: ActiveState EVENT_NETWORK_KPI_CHANGE score is invalid
04-02 20:58:27.429 32276 20141 W adbd    : timed out while waiting for FUNCTIONFS_BIND, trying again
04-02 20:58:27.429 32276 20141 I adbd    : UsbFfs: connection terminated: monitor thread finished
04-02 20:58:27.446 32276 32286 I adbd    : opening control endpoint /dev/usb-ffs/adb/ep0
04-02 20:58:27.473 31684   386 I OplusHansManager : uid=10452, pkg=com.lemon.lvoverseas can not transition from M to F. reason: AsyncBinder
04-02 20:58:27.522 31684   386 I OplusHansManager : uid=10244, pkg=com.daraz.android can not transition from M to F. reason: AsyncBinder
04-02 20:58:27.531 31684   386 I OplusHansManager : uid=10289, pkg=com.brave.browser can not transition from M to F. reason: AsyncBinder
04-02 20:58:27.537 31684   386 I OplusHansManager : uid=10365, pkg=com.zong.customercare can not transition from M to F. reason: AsyncBinder
04-02 20:58:27.704 20657 19382 I OMX-VENC: venc_dev: stats: avg. fps 12.75, bitrate 248899
04-02 20:58:28.069 31684 31750 D OplusSmartBrightnessController: handleMessage MSG_LUX_CHANGED, mLux:23.0 luxQueue=[23.0, 23.0, 23.0, 23.0, 23.0, 23.0, 23.0, 23.0, 23.0, 23.0, 23.0, 23.0, 23.0, 23.0]
04-02 20:58:28.195   368  1385 D CommonScenarios-158-10152: transportLayerQosChange TransportLayerData{link_index=27, uid=10152, uplink_srtt=38, uplink_packets=1, uplink_retrans_packets=0, uplink_retrans_rate=0, downlink_srtt=0, downlink_packets=1, downlink_retrans_packets=0, downlink_retrans_rate=0, downlink_rate=0, uplink_udp_packets=0, downlink_udp_packets=0, uplink_tcp_rate=72, uplink_udp_rate=0, downlink_tcp_rate=109, downlink_udp_rate=0}
04-02 20:58:28.195   368  1385 D CommonScenarios-158-10152: ActiveState process message 2
04-02 20:58:28.195   368  1385 D CommonScenarios-158-10152: ActiveState EVENT_NETWORK_KPI_CHANGE
04-02 20:58:28.195   368  1385 D CommonScenarios-158-10152: scenarios low package
04-02 20:58:28.195   368  1385 D CommonScenarios-158-10152: ActiveState EVENT_NETWORK_KPI_CHANGE score is invalid
04-02 20:58:28.452 32276 20160 W adbd    : timed out while waiting for FUNCTIONFS_BIND, trying again
04-02 20:58:28.452 32276 20160 I adbd    : UsbFfs: connection terminated: monitor thread finished
04-02 20:58:28.467 32276 32286 I adbd    : opening control endpoint /dev/usb-ffs/adb/ep0
04-02 20:58:28.726 20657 19382 I OMX-VENC: venc_dev: stats: avg. fps 9.79, bitrate 186314
04-02 20:58:28.753 31684 32145 D WifiStaIfaceHidlImpl: getCachedScanData is not implemented by HIDL
04-02 20:58:28.987 31684   386 I OplusHansManager : uid=10452, pkg=com.lemon.lvoverseas F enter(), M stay=3
04-02 20:58:29.013 31684   386 I OplusHansManager : freeze uid: 10452 com.lemon.lvoverseas pids: [3968, 2533, 3502] IsolatedUid: [99020] scene: LcdOn
04-02 20:58:29.015  2574  5710 D IHansComunication: HANS sendMessageToKernel: threadId = 507670150320, netLinkSetup = 1, type = PKG, targetUid = 10452, pkgCmd = ADD_ONE_UID
04-02 20:58:29.039 31684   386 I OplusHansManager : uid=10244, pkg=com.daraz.android F enter(), M stay=3
04-02 20:58:29.059 31684   386 I OplusHansManager : freeze uid: 10244 com.daraz.android pids: [27533, 28083] scene: LcdOn
04-02 20:58:29.059  2574  5710 D IHansComunication: HANS sendMessageToKernel: threadId = 507670150320, netLinkSetup = 1, type = PKG, targetUid = 10244, pkgCmd = ADD_ONE_UID
04-02 20:58:29.061 31684   386 I OplusHansManager : uid=10289, pkg=com.brave.browser F enter(), M stay=3
04-02 20:58:29.068 31684   386 I OplusHansManager : freeze uid: 10289 com.brave.browser pids: [31841, 31902, 31683, 31925] IsolatedUid: [90000] scene: LcdOn
04-02 20:58:29.069  2574  5710 D IHansComunication: HANS sendMessageToKernel: threadId = 507670150320, netLinkSetup = 1, type = PKG, targetUid = 10289, pkgCmd = ADD_ONE_UID
04-02 20:58:29.072 31684   386 I OplusHansManager : uid=10365, pkg=com.zong.customercare F enter(), M stay=3
04-02 20:58:29.077 31684   386 I OplusHansManager : freeze uid: 10365 com.zong.customercare pids: [14904, 15034] IsolatedUid: [99096] scene: LcdOn
04-02 20:58:29.079  2574  5710 D IHansComunication: HANS sendMessageToKernel: threadId = 507670150320, netLinkSetup = 1, type = PKG, targetUid = 10365, pkgCmd = ADD_ONE_UID
04-02 20:58:29.088 31684 32255 D OplusNetKit: in getLpByInterface name from LP: [wlan0]
04-02 20:58:29.102 31684 32255 D OplusNetRttKit: getIcmpEchoRtt each addr:192.168.18.1 Rtt: 5
04-02 20:58:29.105 31684 32255 D OplusNetRttKit: getIcmpEchoRtt each addr:192.168.18.1 Rtt: 3
04-02 20:58:29.107 31684 32255 D OplusNetRttKit: getIcmpEchoRtt each addr:192.168.18.1 Rtt: 3
04-02 20:58:29.107 31684 32255 D OplusNetRttKit: getIcmpEchoRtt addr:192.168.18.1 avgRtt: 3
04-02 20:58:29.220   368  1385 D CommonScenarios-158-10152: transportLayerQosChange TransportLayerData{link_index=27, uid=10152, uplink_srtt=0, uplink_packets=0, uplink_retrans_packets=0, uplink_retrans_rate=0, downlink_srtt=0, downlink_packets=0, downlink_retrans_packets=0, downlink_retrans_rate=0, downlink_rate=0, uplink_udp_packets=0, downlink_udp_packets=0, uplink_tcp_rate=0, uplink_udp_rate=0, downlink_tcp_rate=0, downlink_udp_rate=0}
04-02 20:58:29.221   368  1385 D CommonScenarios-158-10152: ActiveState process message 2
04-02 20:58:29.221   368  1385 D CommonScenarios-158-10152: ActiveState EVENT_NETWORK_KPI_CHANGE
04-02 20:58:29.221   368  1385 D CommonScenarios-158-10152: transport layer data is invalid
04-02 20:58:29.221   368  1385 D CommonScenarios-158-10152: ActiveState EVENT_NETWORK_KPI_CHANGE score is invalid
04-02 20:58:29.475 32276 20161 W adbd    : timed out while waiting for FUNCTIONFS_BIND, trying again
04-02 20:58:29.475 32276 20161 I adbd    : UsbFfs: connection terminated: monitor thread finished
04-02 20:58:29.486 32276 32286 I adbd    : opening control endpoint /dev/usb-ffs/adb/ep0
04-02 20:58:29.821 20657 19382 I OMX-VENC: venc_dev: stats: avg. fps 10.95, bitrate 207234
04-02 20:58:30.016  2574  5710 D IHansComunication: HANS sendMessageToKernel: threadId = 507670150320, netLinkSetup = 1, type = FROZEN_TRANS, targetUid = 10452, pkgCmd = PKG_CMD_MAX
04-02 20:58:30.060  2574  5710 D IHansComunication: HANS sendMessageToKernel: threadId = 507670150320, netLinkSetup = 1, type = FROZEN_TRANS, targetUid = 10244, pkgCmd = PKG_CMD_MAX
04-02 20:58:30.069  2574  5710 D IHansComunication: HANS sendMessageToKernel: threadId = 507670150320, netLinkSetup = 1, type = FROZEN_TRANS, targetUid = 10289, pkgCmd = PKG_CMD_MAX
04-02 20:58:30.078  2574  5710 D IHansComunication: HANS sendMessageToKernel: threadId = 507670150320, netLinkSetup = 1, type = FROZEN_TRANS, targetUid = 10365, pkgCmd = PKG_CMD_MAX
04-02 20:58:30.243   368  1385 D CommonScenarios-158-10152: transportLayerQosChange TransportLayerData{link_index=27, uid=10152, uplink_srtt=0, uplink_packets=0, uplink_retrans_packets=0, uplink_retrans_rate=0, downlink_srtt=0, downlink_packets=0, downlink_retrans_packets=0, downlink_retrans_rate=0, downlink_rate=0, uplink_udp_packets=0, downlink_udp_packets=0, uplink_tcp_rate=0, uplink_udp_rate=0, downlink_tcp_rate=0, downlink_udp_rate=0}
04-02 20:58:30.244   368  1385 D CommonScenarios-158-10152: ActiveState process message 2
04-02 20:58:30.244   368  1385 D CommonScenarios-158-10152: ActiveState EVENT_NETWORK_KPI_CHANGE
04-02 20:58:30.244   368  1385 D CommonScenarios-158-10152: transport layer data is invalid
04-02 20:58:30.244   368  1385 D CommonScenarios-158-10152: ActiveState EVENT_NETWORK_KPI_CHANGE score is invalid
04-02 20:58:30.259 31684 31750 D OplusSmartBrightnessController: handleMessage MSG_LUX_CHANGED, mLux:23.0 luxQueue=[23.0, 23.0, 23.0, 23.0, 23.0, 23.0, 23.0, 23.0, 23.0, 23.0, 23.0, 23.0, 23.0, 23.0, 23.0]
04-02 20:58:30.494 32276 20162 W adbd    : timed out while waiting for FUNCTIONFS_BIND, trying again
04-02 20:58:30.494 32276 20162 I adbd    : UsbFfs: connection terminated: monitor thread finished
04-02 20:58:30.506 32276 32286 I adbd    : opening control endpoint /dev/usb-ffs/adb/ep0
04-02 20:58:30.710  4467  6553 D ShellSubscriberWorkerThread: the first 8 bytes empty, and RestData length > 8 
04-02 20:58:30.835 20657 19382 I OMX-VENC: venc_dev: stats: avg. fps 11.83, bitrate 225013
04-02 20:58:30.914 31684   386 I OplusHansManager : uid=10246, pkg=com.dawateislami.namaz F enter(), M stay=5
04-02 20:58:30.919 31684   386 I OplusHansManager : freeze uid: 10246 com.dawateislami.namaz pids: [31336] scene: LcdOn
04-02 20:58:30.920  2574  5710 D IHansComunication: HANS sendMessageToKernel: threadId = 507670150320, netLinkSetup = 1, type = PKG, targetUid = 10246, pkgCmd = ADD_ONE_UID
04-02 20:58:31.267   368  1385 D CommonScenarios-158-10152: transportLayerQosChange TransportLayerData{link_index=27, uid=10152, uplink_srtt=0, uplink_packets=0, uplink_retrans_packets=0, uplink_retrans_rate=0, downlink_srtt=0, downlink_packets=0, downlink_retrans_packets=0, downlink_retrans_rate=0, downlink_rate=0, uplink_udp_packets=0, downlink_udp_packets=0, uplink_tcp_rate=0, uplink_udp_rate=0, downlink_tcp_rate=0, downlink_udp_rate=0}
04-02 20:58:31.268   368  1385 D CommonScenarios-158-10152: ActiveState process message 2
04-02 20:58:31.268   368  1385 D CommonScenarios-158-10152: ActiveState EVENT_NETWORK_KPI_CHANGE
04-02 20:58:31.268   368  1385 D CommonScenarios-158-10152: transport layer data is invalid
04-02 20:58:31.268   368  1385 D CommonScenarios-158-10152: ActiveState EVENT_NETWORK_KPI_CHANGE score is invalid
04-02 20:58:31.414 31684   386 I OplusHansManager : uid=10241, pkg=com.intsig.camscanner F enter(), M stay=5
04-02 20:58:31.423 31684   386 I OplusHansManager : freeze uid: 10241 com.intsig.camscanner pids: [32014] scene: LcdOn
04-02 20:58:31.425  2574  5710 D IHansComunication: HANS sendMessageToKernel: threadId = 507670150320, netLinkSetup = 1, type = PKG, targetUid = 10241, pkgCmd = ADD_ONE_UID
04-02 20:58:31.444  2574  5710 D IHansComunication: HANS sendMessageToKernel: threadId = 507670150320, netLinkSetup = 1, type = FROZEN_TRANS, targetUid = 10241, pkgCmd = PKG_CMD_MAX
04-02 20:58:31.512 32276 20165 W adbd    : timed out while waiting for FUNCTIONFS_BIND, trying again
04-02 20:58:31.512 32276 20165 I adbd    : UsbFfs: connection terminated: monitor thread finished
04-02 20:58:31.530 32276 32286 I adbd    : opening control endpoint /dev/usb-ffs/adb/ep0
04-02 20:58:31.781 31684 32145 D WifiStaIfaceHidlImpl: getCachedScanData is not implemented by HIDL
04-02 20:58:31.847 20657 19382 I OMX-VENC: venc_dev: stats: avg. fps 9.88, bitrate 185743
04-02 20:58:31.922  2574  5710 D IHansComunication: HANS sendMessageToKernel: threadId = 507670150320, netLinkSetup = 1, type = FROZEN_TRANS, targetUid = 10246, pkgCmd = PKG_CMD_MAX
04-02 20:58:32.066  1368  1459 D vendor.oplus.hardware.charger-V3-service: read content:,331,-2740,3862,3860,147,2000,1100,52,52,0,0,-1,0,52,1,0,1,1,0,0,4435,0,0,0,2,0,0,0,-2740,0,3,1,0,0,0,0,0,0x18,0x2c,0x16,0x73,0x2e,0x16,0x00,0x00,0x00
04-02 20:58:32.066  1368  1459 D vendor.oplus.hardware.charger-V3-service: , ret_value:151
04-02 20:58:32.067  1368  1459 D vendor.oplus.hardware.charger-V3-service: gmtime: 2026-04-02-20-58-32
04-02 20:58:32.069  1514  5060 D SurfaceFlinger: captureDisplay from pid 1514 uid -1 display 4630946950956839809
04-02 20:58:32.133  1514  5060 D SurfaceFlinger: captureDisplay from pid 1514 uid -1 display 4630946950956839809
