04-02 20:58:32.291   368  1385 D CommonScenarios-158-10152: transportLayerQosChange TransportLayerData{link_index=27, uid=10152, uplink_srtt=0, uplink_packets=0, uplink_retrans_packets=0, uplink_retrans_rate=0, downlink_srtt=0, downlink_packets=0, downlink_retrans_packets=0, downlink_retrans_rate=0, downlink_rate=0, uplink_udp_packets=0, downlink_udp_packets=0, uplink_tcp_rate=0, uplink_udp_rate=0, downlink_tcp_rate=0, downlink_udp_rate=0}
04-02 20:58:32.292   368  1385 D CommonScenarios-158-10152: ActiveState process message 2
04-02 20:58:32.292   368  1385 D CommonScenarios-158-10152: ActiveState EVENT_NETWORK_KPI_CHANGE
04-02 20:58:32.292   368  1385 D CommonScenarios-158-10152: transport layer data is invalid
04-02 20:58:32.292   368  1385 D CommonScenarios-158-10152: ActiveState EVENT_NETWORK_KPI_CHANGE score is invalid
04-02 20:58:32.419 31684 31750 D OplusSmartBrightnessController: handleMessage MSG_LUX_CHANGED, mLux:23.0 luxQueue=[23.0, 23.0, 23.0, 23.0, 23.0, 23.0, 23.0, 23.0, 23.0, 23.0, 23.0, 23.0, 23.0, 23.0, 23.0]
04-02 20:58:32.536 32276 20166 W adbd    : timed out while waiting for FUNCTIONFS_BIND, trying again
04-02 20:58:32.536 32276 20166 I adbd    : UsbFfs: connection terminated: monitor thread finished
04-02 20:58:32.556 32276 32286 I adbd    : opening control endpoint /dev/usb-ffs/adb/ep0
04-02 20:58:32.890  4467  9862 D ScreenStatusProducer: Current queue status: isIdle = true, isPolling = true
04-02 20:58:32.901 21226 21344 E msgr.msys: E[N mns:DGWClient]_OnDiskCacheGetData(1079)=>Start post callback cache refresh DNS resolution
04-02 20:58:32.925 20657 19382 I OMX-VENC: venc_dev: stats: avg. fps 11.13, bitrate 211114
04-02 20:58:32.941 21226 21344 E msgr.msys: E[N mns:DGWClient]_LogError(263)=>Failed to resolve using system DNS resolver, getaddrinfo(): No address associated with hostname
04-02 20:58:32.942 21226 21344 E msgr.msys: E[N mns:DGWClient]_OnDiskCacheGetData(1079)=>Start post callback cache refresh DNS resolution
04-02 20:58:32.945 21226 21344 E msgr.msys: E[N mns:DGWClient]_LogError(263)=>Failed to resolve using system DNS resolver, getaddrinfo(): No address associated with hostname
04-02 20:58:33.315   368  1385 D CommonScenarios-158-10152: transportLayerQosChange TransportLayerData{link_index=27, uid=10152, uplink_srtt=0, uplink_packets=0, uplink_retrans_packets=0, uplink_retrans_rate=0, downlink_srtt=0, downlink_packets=0, downlink_retrans_packets=0, downlink_retrans_rate=0, downlink_rate=0, uplink_udp_packets=0, downlink_udp_packets=0, uplink_tcp_rate=0, uplink_udp_rate=0, downlink_tcp_rate=0, downlink_udp_rate=0}
04-02 20:58:33.315   368  1385 D CommonScenarios-158-10152: ActiveState process message 2
04-02 20:58:33.315   368  1385 D CommonScenarios-158-10152: ActiveState EVENT_NETWORK_KPI_CHANGE
04-02 20:58:33.315   368  1385 D CommonScenarios-158-10152: transport layer data is invalid
04-02 20:58:33.315   368  1385 D CommonScenarios-158-10152: ActiveState EVENT_NETWORK_KPI_CHANGE score is invalid
04-02 20:58:33.562 32276 20167 W adbd    : timed out while waiting for FUNCTIONFS_BIND, trying again
04-02 20:58:33.562 32276 20167 I adbd    : UsbFfs: connection terminated: monitor thread finished
04-02 20:58:33.574 32276 32286 I adbd    : opening control endpoint /dev/usb-ffs/adb/ep0
04-02 20:58:33.935 20657 19382 I OMX-VENC: venc_dev: stats: avg. fps 9.90, bitrate 186553
04-02 20:58:34.111 28273 28566 I bigo-awake: PullOthersAwakeStrategy >>  time duration:false, now:1775145514110, ts:1775134743727
04-02 20:58:34.111 28273 28566 I bigo-awake: PullOthersAwakeStrategy >>  check awake time duration < 4h.
04-02 20:58:34.339   368  1385 D CommonScenarios-158-10152: transportLayerQosChange TransportLayerData{link_index=27, uid=10152, uplink_srtt=0, uplink_packets=0, uplink_retrans_packets=0, uplink_retrans_rate=0, downlink_srtt=0, downlink_packets=0, downlink_retrans_packets=0, downlink_retrans_rate=0, downlink_rate=0, uplink_udp_packets=0, downlink_udp_packets=0, uplink_tcp_rate=0, uplink_udp_rate=0, downlink_tcp_rate=0, downlink_udp_rate=0}
04-02 20:58:34.340   368  1385 D CommonScenarios-158-10152: ActiveState process message 2
04-02 20:58:34.340   368  1385 D CommonScenarios-158-10152: ActiveState EVENT_NETWORK_KPI_CHANGE
04-02 20:58:34.340   368  1385 D CommonScenarios-158-10152: transport layer data is invalid
04-02 20:58:34.340   368  1385 D CommonScenarios-158-10152: ActiveState EVENT_NETWORK_KPI_CHANGE score is invalid
04-02 20:58:34.471 31684 31750 D OplusSmartBrightnessController: handleMessage MSG_LUX_CHANGED, mLux:23.0 luxQueue=[23.0, 23.0, 23.0, 23.0, 23.0, 23.0, 23.0, 23.0, 23.0, 23.0, 23.0, 23.0, 23.0, 23.0, 23.0]
04-02 20:58:34.580 32276 20170 W adbd    : timed out while waiting for FUNCTIONFS_BIND, trying again
04-02 20:58:34.580 32276 20170 I adbd    : UsbFfs: connection terminated: monitor thread finished
04-02 20:58:34.598 32276 32286 I adbd    : opening control endpoint /dev/usb-ffs/adb/ep0
04-02 20:58:34.735 31684  1110 W ProcessStats: Tracking association SourceState{cdd9d2a system/1000 BFgs #1098456} whose proc state 4 is better than process ProcessState{8bae71b com.google.android.inputmethod.latin/10159 pkg=com.google.android.inputmethod.latin} proc state 6 (223 skipped)
04-02 20:58:34.808 31684 32145 D WifiStaIfaceHidlImpl: getCachedScanData is not implemented by HIDL
04-02 20:58:34.952 20657 19382 I OMX-VENC: venc_dev: stats: avg. fps 11.80, bitrate 223996
04-02 20:58:35.363   368  1385 D CommonScenarios-158-10152: transportLayerQosChange TransportLayerData{link_index=27, uid=10152, uplink_srtt=0, uplink_packets=2, uplink_retrans_packets=0, uplink_retrans_rate=0, downlink_srtt=0, downlink_packets=0, downlink_retrans_packets=0, downlink_retrans_rate=0, downlink_rate=0, uplink_udp_packets=0, downlink_udp_packets=0, uplink_tcp_rate=168, uplink_udp_rate=0, downlink_tcp_rate=0, downlink_udp_rate=0}
04-02 20:58:35.363   368  1385 D CommonScenarios-158-10152: ActiveState process message 2
04-02 20:58:35.363   368  1385 D CommonScenarios-158-10152: ActiveState EVENT_NETWORK_KPI_CHANGE
04-02 20:58:35.363   368  1385 D CommonScenarios-158-10152: scenarios low package
04-02 20:58:35.363   368  1385 D CommonScenarios-158-10152: ActiveState EVENT_NETWORK_KPI_CHANGE score is invalid
04-02 20:58:35.602 32276 20172 W adbd    : timed out while waiting for FUNCTIONFS_BIND, trying again
04-02 20:58:35.603 32276 20172 I adbd    : UsbFfs: connection terminated: monitor thread finished
04-02 20:58:35.623 32276 32286 I adbd    : opening control endpoint /dev/usb-ffs/adb/ep0
